// Jest Snapshot v1, https://goo.gl/fbAQLP

exports[`TodoFormModal renders nothing when open={false} 1`] = `null`;

exports[`TodoFormModal renders without change when open={true} 1`] = `
<div
  aria-modal="true"
  class="ant-modal css-dev-only-do-not-override-ixblex"
  role="dialog"
  style="width: 520px;"
>
  <div
    aria-hidden="true"
    style="width: 0px; height: 0px; overflow: hidden; outline: none;"
    tabindex="0"
  />
  <div
    class="ant-modal-content"
  >
    <button
      aria-label="Close"
      class="ant-modal-close"
      type="button"
    >
      <span
        class="ant-modal-close-x"
      >
        <span
          aria-label="close"
          class="anticon anticon-close ant-modal-close-icon"
          role="img"
        >
          <svg
            aria-hidden="true"
            data-icon="close"
            fill="currentColor"
            focusable="false"
            height="1em"
            viewBox="64 64 896 896"
            width="1em"
          >
            <path
              d="M563.8 512l262.5-312.9c4.4-5.2.7-13.1-6.1-13.1h-79.8c-4.7 0-9.2 2.1-12.3 5.7L511.6 449.8 295.1 191.7c-3-3.6-7.5-5.7-12.3-5.7H203c-6.8 0-10.5 7.9-6.1 13.1L459.4 512 196.9 824.9A7.95 7.95 0 00203 838h79.8c4.7 0 9.2-2.1 12.3-5.7l216.5-258.1 216.5 258.1c3 3.6 7.5 5.7 12.3 5.7h79.8c6.8 0 10.5-7.9 6.1-13.1L563.8 512z"
            />
          </svg>
        </span>
      </span>
    </button>
    <div
      class="ant-modal-body"
    >
      <form
        class="ant-form ant-form-vertical css-dev-only-do-not-override-ixblex"
      >
        <div
          class="ant-form-item css-dev-only-do-not-override-ixblex"
        >
          <div
            class="ant-row ant-form-item-row css-dev-only-do-not-override-ixblex"
          >
            <div
              class="ant-col ant-form-item-label css-dev-only-do-not-override-ixblex"
            >
              <label
                class="ant-form-item-required"
                for="title"
                title="Title"
              >
                Title
              </label>
            </div>
            <div
              class="ant-col ant-form-item-control css-dev-only-do-not-override-ixblex"
            >
              <div
                class="ant-form-item-control-input"
              >
                <div
                  class="ant-form-item-control-input-content"
                >
                  <input
                    aria-required="true"
                    class="ant-input css-dev-only-do-not-override-ixblex"
                    id="title"
                    placeholder="What needs to be done?"
                    type="text"
                    value=""
                  />
                </div>
              </div>
            </div>
          </div>
        </div>
        <div
          class="ant-form-item css-dev-only-do-not-override-ixblex"
        >
          <div
            class="ant-row ant-form-item-row css-dev-only-do-not-override-ixblex"
          >
            <div
              class="ant-col ant-form-item-label css-dev-only-do-not-override-ixblex"
            >
              <label
                class=""
                for="description"
                title="Description (optional)"
              >
                Description (optional)
              </label>
            </div>
            <div
              class="ant-col ant-form-item-control css-dev-only-do-not-override-ixblex"
            >
              <div
                class="ant-form-item-control-input"
              >
                <div
                  class="ant-form-item-control-input-content"
                >
                  <textarea
                    class="ant-input css-dev-only-do-not-override-ixblex"
                    id="description"
                  />
                </div>
              </div>
            </div>
          </div>
        </div>
        <div
          class="ant-form-item css-dev-only-do-not-override-ixblex"
        >
          <div
            class="ant-row ant-form-item-row css-dev-only-do-not-override-ixblex"
          >
            <div
              class="ant-col ant-form-item-label css-dev-only-do-not-override-ixblex"
            >
              <label
                class=""
                for="dueDate"
                title="Due Date (optional)"
              >
                Due Date (optional)
              </label>
            </div>
            <div
              class="ant-col ant-form-item-control css-dev-only-do-not-override-ixblex"
            >
              <div
                class="ant-form-item-control-input"
              >
                <div
                  class="ant-form-item-control-input-content"
                >
                  <div
                    class="ant-picker css-dev-only-do-not-override-ixblex"
                  >
                    <div
                      class="ant-picker-input"
                    >
                      <input
                        autocomplete="off"
                        id="dueDate"
                        placeholder="Select date"
                        readonly=""
                        size="12"
                        title=""
                        value=""
                      />
                      <span
                        class="ant-picker-suffix"
                      >
                        <span
                          aria-label="calendar"
                          class="anticon anticon-calendar"
                          role="img"
                        >
                          <svg
                            aria-hidden="true"
                            data-icon="calendar"
                            fill="currentColor"
                            focusable="false"
                            height="1em"
                            viewBox="64 64 896 896"
                            width="1em"
                          >
                            <path
                              d="M880 184H712v-64c0-4.4-3.6-8-8-8h-56c-4.4 0-8 3.6-8 8v64H384v-64c0-4.4-3.6-8-8-8h-56c-4.4 0-8 3.6-8 8v64H144c-17.7 0-32 14.3-32 32v664c0 17.7 14.3 32 32 32h736c17.7 0 32-14.3 32-32V216c0-17.7-14.3-32-32-32zm-40 656H184V460h656v380zM184 392V256h128v48c0 4.4 3.6 8 8 8h56c4.4 0 8-3.6 8-8v-48h256v48c0 4.4 3.6 8 8 8h56c4.4 0 8-3.6 8-8v-48h128v136H184z"
                            />
                          </svg>
                        </span>
                      </span>
                    </div>
                  </div>
                </div>
              </div>
            </div>
          </div>
        </div>
        <div
          class="ant-form-item css-dev-only-do-not-override-ixblex"
        >
          <div
            class="ant-row ant-form-item-row css-dev-only-do-not-override-ixblex"
          >
            <div
              class="ant-col ant-form-item-control css-dev-only-do-not-override-ixblex"
            >
              <div
                class="ant-form-item-control-input"
              >
                <div
                  class="ant-form-item-control-input-content"
                >
                  <label
                    class="ant-checkbox-wrapper ant-checkbox-wrapper-in-form-item css-dev-only-do-not-override-ixblex"
                  >
                    <span
                      class="ant-checkbox css-dev-only-do-not-override-ixblex"
                    >
                      <input
                        class="ant-checkbox-input"
                        id="isImportant"
                        type="checkbox"
                        value=""
                      />
                      <span
                        class="ant-checkbox-inner"
                      />
                    </span>
                    <span>
                      Mark as important
                    </span>
                  </label>
                </div>
              </div>
            </div>
          </div>
        </div>
        <div
          class="ant-form-item css-dev-only-do-not-override-ixblex"
        >
          <div
            class="ant-row ant-form-item-row css-dev-only-do-not-override-ixblex"
          >
            <div
              class="ant-col ant-form-item-control css-dev-only-do-not-override-ixblex"
            >
              <div
                class="ant-form-item-control-input"
              >
                <div
                  class="ant-form-item-control-input-content"
                >
                  <label
                    class="ant-checkbox-wrapper ant-checkbox-wrapper-in-form-item css-dev-only-do-not-override-ixblex"
                  >
                    <span
                      class="ant-checkbox css-dev-only-do-not-override-ixblex"
                    >
                      <input
                        class="ant-checkbox-input"
                        id="isDone"
                        type="checkbox"
                        value=""
                      />
                      <span
                        class="ant-checkbox-inner"
                      />
                    </span>
                    <span>
                      Mark as complete
                    </span>
                  </label>
                </div>
              </div>
            </div>
          </div>
        </div>
      </form>
    </div>
    <div
      class="ant-modal-footer"
    >
      <button
        class="ant-btn css-dev-only-do-not-override-ixblex ant-btn-primary ant-btn-block"
        type="button"
      >
        <span
          aria-label="check-circle"
          class="anticon anticon-check-circle"
          role="img"
        >
          <svg
            aria-hidden="true"
            data-icon="check-circle"
            fill="currentColor"
            focusable="false"
            height="1em"
            viewBox="64 64 896 896"
            width="1em"
          >
            <path
              d="M699 353h-46.9c-10.2 0-19.9 4.9-25.9 13.3L469 584.3l-71.2-98.8c-6-8.3-15.6-13.3-25.9-13.3H325c-6.5 0-10.3 7.4-6.5 12.7l124.6 172.8a31.8 31.8 0 0051.7 0l210.6-292c3.9-5.3.1-12.7-6.4-12.7z"
            />
            <path
              d="M512 64C264.6 64 64 264.6 64 512s200.6 448 448 448 448-200.6 448-448S759.4 64 512 64zm0 820c-205.4 0-372-166.6-372-372s166.6-372 372-372 372 166.6 372 372-166.6 372-372 372z"
            />
          </svg>
        </span>
        <span>
          Save
        </span>
      </button>
    </div>
  </div>
  <div
    aria-hidden="true"
    style="width: 0px; height: 0px; overflow: hidden; outline: none;"
    tabindex="0"
  />
</div>
`;
